{"level":30,"time":"2026-05-03T02:49:05.972Z","scope":"handlers","handlerCount":19,"msg":"调度器事件处理器已注册"}
{"level":30,"time":"2026-05-03T04:34:31.480Z","scope":"handlers","handlerCount":19,"msg":"调度器事件处理器已注册"}
{"level":30,"time":"2026-05-03T05:13:17.212Z","scope":"handlers","handlerCount":19,"msg":"调度器事件处理器已注册"}
{"level":30,"time":"2026-05-03T05:26:52.070Z","scope":"handlers:demand","eventId":"evt_mopbw23k217rxjig","inputKind":"initial_demand","demandId":"demand_mopbw23k8127axay","msg":"收到用户输入事件"}
{"level":30,"time":"2026-05-03T05:26:52.071Z","scope":"handlers:demand","demandId":"demand_mopbw23k8127axay","msg":"开始澄清初始需求"}
{"level":30,"time":"2026-05-10T04:59:56.002Z","scope":"handlers","handlerCount":19,"msg":"调度器事件处理器已注册"}
{"level":30,"time":"2026-05-10T05:01:15.279Z","scope":"handlers:demand","eventId":"evt_mozb22d5qpj2ajlw","inputKind":"initial_demand","demandId":"demand_mozb22d5tn5jnvd4","msg":"收到用户输入事件"}
{"level":30,"time":"2026-05-10T05:01:15.280Z","scope":"handlers:demand","demandId":"demand_mozb22d5tn5jnvd4","msg":"开始澄清初始需求"}
{"level":30,"time":"2026-05-10T05:14:05.284Z","scope":"handlers:demand","eventId":"evt_mozbil37jdlj5jnd","inputKind":"initial_demand","demandId":"demand_mozbil36stw5do58","msg":"收到用户输入事件"}
{"level":30,"time":"2026-05-10T05:14:05.284Z","scope":"handlers:demand","demandId":"demand_mozbil36stw5do58","msg":"开始澄清初始需求"}
{"level":30,"time":"2026-05-10T05:14:29.168Z","scope":"handlers:demand","eventId":"evt_mozbj3j4vv25iejv","inputKind":"initial_demand","demandId":"demand_mozbj3j4xx5zp8sd","msg":"收到用户输入事件"}
{"level":30,"time":"2026-05-10T05:14:29.169Z","scope":"handlers:demand","demandId":"demand_mozbj3j4xx5zp8sd","msg":"开始澄清初始需求"}
{"level":30,"time":"2026-05-10T05:15:34.780Z","scope":"handlers:demand","eventId":"evt_mozbki63xfb5ft7x","inputKind":"initial_demand","demandId":"demand_mozbki63f50z8i8m","msg":"收到用户输入事件"}
{"level":30,"time":"2026-05-10T05:15:34.781Z","scope":"handlers:demand","demandId":"demand_mozbki63f50z8i8m","msg":"开始澄清初始需求"}
{"level":30,"time":"2026-05-10T05:16:13.126Z","scope":"handlers:demand","eventId":"evt_mozbl8ff3sw3opbh","inputKind":"initial_demand","demandId":"demand_mozbl8ffcfwz0420","msg":"收到用户输入事件"}
{"level":30,"time":"2026-05-10T05:16:13.127Z","scope":"handlers:demand","demandId":"demand_mozbl8ffcfwz0420","msg":"开始澄清初始需求"}
{"level":30,"time":"2026-05-10T05:16:18.849Z","scope":"handlers:demand","eventId":"evt_mozblg67vx7b1viz","inputKind":"initial_demand","demandId":"demand_mozblg672zkpmad8","msg":"收到用户输入事件"}
{"level":30,"time":"2026-05-10T05:16:18.849Z","scope":"handlers:demand","demandId":"demand_mozblg672zkpmad8","msg":"开始澄清初始需求"}
{"level":30,"time":"2026-05-10T05:16:39.787Z","scope":"handlers:demand","eventId":"evt_mozblwbty22mkw94","inputKind":"initial_demand","demandId":"demand_mozblwbtdcvpv6l7","msg":"收到用户输入事件"}
{"level":30,"time":"2026-05-10T05:16:39.787Z","scope":"handlers:demand","demandId":"demand_mozblwbtdcvpv6l7","msg":"开始澄清初始需求"}
{"level":30,"time":"2026-05-10T05:16:51.738Z","scope":"handlers:demand","demandId":"demand_mozblwbtdcvpv6l7","msg":"初始需求仍需要用户补充澄清"}
{"level":30,"time":"2026-05-10T05:17:38.108Z","scope":"handlers:demand","eventId":"evt_mozbn3glt6zn91ug","inputKind":"clarification_reply","demandId":"demand_mozblwbtdcvpv6l7","msg":"收到用户输入事件"}
{"level":30,"time":"2026-05-10T05:17:38.109Z","scope":"handlers:demand","demandId":"demand_mozblwbtdcvpv6l7","msg":"正在使用用户回复继续澄清需求"}
{"level":30,"time":"2026-05-10T05:17:44.587Z","scope":"handlers:demand","demandId":"demand_mozblwbtdcvpv6l7","msg":"澄清回复仍需要更多用户输入"}
{"level":30,"time":"2026-05-10T05:17:59.148Z","scope":"handlers:demand","eventId":"evt_mozbnju0ewwt8hod","inputKind":"clarification_reply","demandId":"demand_mozblwbtdcvpv6l7","msg":"收到用户输入事件"}
{"level":30,"time":"2026-05-10T05:17:59.149Z","scope":"handlers:demand","demandId":"demand_mozblwbtdcvpv6l7","msg":"正在使用用户回复继续澄清需求"}
{"level":30,"time":"2026-05-10T05:18:08.840Z","scope":"handlers:demand","demandId":"demand_mozblwbtdcvpv6l7","msg":"澄清回复仍需要更多用户输入"}
{"level":30,"time":"2026-05-10T05:18:57.499Z","scope":"handlers:demand","eventId":"evt_mozboul6f2rlff0u","inputKind":"clarification_reply","demandId":"demand_mozblwbtdcvpv6l7","msg":"收到用户输入事件"}
{"level":30,"time":"2026-05-10T05:18:57.500Z","scope":"handlers:demand","demandId":"demand_mozblwbtdcvpv6l7","msg":"正在使用用户回复继续澄清需求"}
{"level":30,"time":"2026-05-10T05:19:09.439Z","scope":"handlers:demand","demandId":"demand_mozblwbtdcvpv6l7","msg":"澄清回复仍需要更多用户输入"}
{"level":30,"time":"2026-05-10T05:19:17.097Z","scope":"handlers:demand","eventId":"evt_mozbp9pj6cnosfy5","inputKind":"clarification_reply","demandId":"demand_mozblwbtdcvpv6l7","msg":"收到用户输入事件"}
{"level":30,"time":"2026-05-10T05:19:17.098Z","scope":"handlers:demand","demandId":"demand_mozblwbtdcvpv6l7","msg":"正在使用用户回复继续澄清需求"}
{"level":30,"time":"2026-05-10T05:19:41.772Z","scope":"handlers:demand","eventId":"evt_mozbpsqxgq0ryomy","inputKind":"clarification_reply","demandId":"demand_mozblwbtdcvpv6l7","msg":"收到用户输入事件"}
{"level":30,"time":"2026-05-10T05:19:41.772Z","scope":"handlers:demand","demandId":"demand_mozblwbtdcvpv6l7","msg":"正在使用用户回复继续澄清需求"}
{"level":30,"time":"2026-05-10T05:19:53.635Z","scope":"handlers:demand","demandId":"demand_mozblwbtdcvpv6l7","msg":"澄清回复已接受"}
{"level":30,"time":"2026-05-10T05:19:54.961Z","scope":"handlers:demand","demandId":"demand_mozblwbtdcvpv6l7","msg":"需求澄清已完成，准备请求初始规划"}
{"level":30,"time":"2026-05-10T05:19:54.964Z","scope":"handlers:planning","demandId":"demand_mozblwbtdcvpv6l7","planningRound":1,"reason":"initial_plan","msg":"正在生成前沿计划"}
{"level":30,"time":"2026-05-10T05:20:11.198Z","scope":"handlers:planning","demandId":"demand_mozblwbtdcvpv6l7","planningRound":1,"subgoalCount":2,"msg":"前沿计划已生成"}
{"level":30,"time":"2026-05-10T05:20:11.289Z","scope":"handlers:planning","demandId":"demand_mozblwbtdcvpv6l7","frontierSubgoalCount":2,"msg":"已将生成计划保存到需求"}
{"level":30,"time":"2026-05-10T05:20:11.379Z","scope":"handlers:planning","demandId":"demand_mozblwbtdcvpv6l7","subgoalId":"subgoal_mozbqfgewjhg33hn","msg":"子目标已创建"}
{"level":30,"time":"2026-05-10T05:20:11.379Z","scope":"handlers:planning","demandId":"demand_mozblwbtdcvpv6l7","subgoalId":"subgoal_mozbqfgewjhg33hn","msg":"子目标已解锁，准备标记为就绪"}
{"level":30,"time":"2026-05-10T05:20:11.432Z","scope":"handlers:planning","demandId":"demand_mozblwbtdcvpv6l7","subgoalId":"subgoal_mozbqfgewjhg33hn","msg":"子目标已标记为就绪"}
{"level":30,"time":"2026-05-10T05:20:11.432Z","scope":"handlers:planning","demandId":"demand_mozblwbtdcvpv6l7","subgoalId":"subgoal_mozbqfgewjhg33hn","executionId":"exec_3r0fxof8","workerId":"worker_opencode_local","msg":"已为就绪子目标创建执行"}
{"level":30,"time":"2026-05-10T05:20:11.448Z","scope":"handlers:execution","demandId":"demand_mozblwbtdcvpv6l7","subgoalId":"subgoal_mozbqfgewjhg33hn","executionId":"exec_3r0fxof8","workerId":"worker_opencode_local","msg":"正在保存已创建的执行"}
{"level":30,"time":"2026-05-10T05:20:11.535Z","scope":"handlers:execution","demandId":"demand_mozblwbtdcvpv6l7","subgoalId":"subgoal_mozbqfgewjhg33hn","executionId":"exec_3r0fxof8","workerId":"worker_opencode_local","msg":"正在启动工作器执行"}
{"level":30,"time":"2026-05-10T05:20:12.005Z","scope":"handlers:execution","executionId":"exec_3r0fxof8","workerId":"worker_opencode_local","msg":"工作器执行已启动"}
{"level":30,"time":"2026-05-10T05:20:14.049Z","scope":"handlers:planning","demandId":"demand_mozblwbtdcvpv6l7","subgoalId":"subgoal_mozbqfgew6go503i","msg":"子目标已创建"}
{"level":30,"time":"2026-05-10T05:20:14.049Z","scope":"handlers:planning","demandId":"demand_mozblwbtdcvpv6l7","subgoalId":"subgoal_mozbqfgew6go503i","msg":"子目标已解锁，准备标记为就绪"}
{"level":30,"time":"2026-05-10T05:20:14.094Z","scope":"handlers:execution","executionId":"exec_3r0fxof8","subgoalId":"subgoal_mozbqfgewjhg33hn","workerStatus":"FAILED","msg":"收到工作器结果，开始验证"}
{"level":30,"time":"2026-05-10T05:20:14.153Z","scope":"handlers:execution","executionId":"exec_3r0fxof8","subgoalId":"subgoal_mozbqfgewjhg33hn","workerStatus":"FAILED","msg":"收到工作器结果，开始验证"}
{"level":30,"time":"2026-05-10T05:20:14.188Z","scope":"handlers:planning","demandId":"demand_mozblwbtdcvpv6l7","subgoalId":"subgoal_mozbqfgew6go503i","msg":"子目标已标记为就绪"}
{"level":30,"time":"2026-05-10T05:20:14.188Z","scope":"handlers:planning","demandId":"demand_mozblwbtdcvpv6l7","subgoalId":"subgoal_mozbqfgew6go503i","executionId":"exec_mef3epm1","workerId":"worker_opencode_local","msg":"已为就绪子目标创建执行"}
{"level":30,"time":"2026-05-10T05:20:14.208Z","scope":"handlers:review","demandId":"demand_mozblwbtdcvpv6l7","subgoalId":"subgoal_mozbqfgewjhg33hn","executionId":"exec_3r0fxof8","verificationStatus":"FAILED","msg":"正在归并验证结果"}
{"level":30,"time":"2026-05-10T05:20:14.208Z","scope":"handlers:review","demandId":"demand_mozblwbtdcvpv6l7","subgoalId":"subgoal_mozbqfgewjhg33hn","reasonCode":"BLOCKED","msg":"验证结果需要用户决策"}
{"level":30,"time":"2026-05-10T05:20:14.209Z","scope":"handlers:execution","demandId":"demand_mozblwbtdcvpv6l7","subgoalId":"subgoal_mozbqfgew6go503i","executionId":"exec_mef3epm1","workerId":"worker_opencode_local","msg":"正在保存已创建的执行"}
{"level":30,"time":"2026-05-10T05:20:14.283Z","scope":"handlers:review","demandId":"demand_mozblwbtdcvpv6l7","subgoalId":"subgoal_mozbqfgewjhg33hn","executionId":"exec_3r0fxof8","verificationStatus":"FAILED","msg":"正在归并验证结果"}
{"level":30,"time":"2026-05-10T05:20:14.283Z","scope":"handlers:review","demandId":"demand_mozblwbtdcvpv6l7","subgoalId":"subgoal_mozbqfgewjhg33hn","reasonCode":"BLOCKED","msg":"验证结果需要用户决策"}
{"level":30,"time":"2026-05-10T05:20:14.407Z","scope":"handlers:review","demandId":"demand_mozblwbtdcvpv6l7","subgoalId":"subgoal_mozbqfgewjhg33hn","executionId":"exec_3r0fxof8","demandState":"PENDING_DECISION","subgoalState":"FAILED","executionState":"FAILED","replanRequested":false,"missionCompleted":false,"msg":"验证归并结果已保存"}
{"level":30,"time":"2026-05-10T05:20:14.409Z","scope":"handlers:execution","demandId":"demand_mozblwbtdcvpv6l7","subgoalId":"subgoal_mozbqfgew6go503i","executionId":"exec_mef3epm1","workerId":"worker_opencode_local","msg":"正在启动工作器执行"}
{"level":30,"time":"2026-05-10T05:20:14.472Z","scope":"handlers:execution","executionId":"exec_mef3epm1","workerId":"worker_opencode_local","msg":"工作器执行已启动"}
{"level":30,"time":"2026-05-10T05:20:14.472Z","scope":"handlers:review","demandId":"demand_mozblwbtdcvpv6l7","subgoalId":"subgoal_mozbqfgewjhg33hn","executionId":"exec_3r0fxof8","demandState":"PENDING_DECISION","subgoalState":"FAILED","executionState":"FAILED","replanRequested":false,"missionCompleted":false,"msg":"验证归并结果已保存"}
{"level":30,"time":"2026-05-10T05:20:15.831Z","scope":"handlers:execution","executionId":"exec_mef3epm1","subgoalId":"subgoal_mozbqfgew6go503i","workerStatus":"FAILED","msg":"收到工作器结果，开始验证"}
{"level":30,"time":"2026-05-10T05:20:15.836Z","scope":"handlers:review","demandId":"demand_mozblwbtdcvpv6l7","subgoalId":"subgoal_mozbqfgew6go503i","executionId":"exec_mef3epm1","verificationStatus":"FAILED","msg":"正在归并验证结果"}
{"level":30,"time":"2026-05-10T05:20:15.836Z","scope":"handlers:review","demandId":"demand_mozblwbtdcvpv6l7","subgoalId":"subgoal_mozbqfgew6go503i","reasonCode":"BLOCKED","msg":"验证结果需要用户决策"}
{"level":30,"time":"2026-05-10T05:20:17.913Z","scope":"handlers:review","demandId":"demand_mozblwbtdcvpv6l7","subgoalId":"subgoal_mozbqfgew6go503i","executionId":"exec_mef3epm1","demandState":"PENDING_DECISION","subgoalState":"FAILED","executionState":"FAILED","replanRequested":false,"missionCompleted":false,"msg":"验证归并结果已保存"}
{"level":30,"time":"2026-05-10T05:20:22.036Z","scope":"handlers:review","demandId":"demand_mozblwbtdcvpv6l7","subgoalId":"subgoal_mozbqfgewjhg33hn","executionId":"exec_3r0fxof8","decisionId":"decision_mozbqntg2m95agel","msg":"已根据验证结果创建决策请求"}
{"level":30,"time":"2026-05-10T05:20:22.917Z","scope":"handlers:review","demandId":"demand_mozblwbtdcvpv6l7","subgoalId":"subgoal_mozbqfgewjhg33hn","executionId":"exec_3r0fxof8","decisionId":"decision_mozbqohxs6vyo9xw","msg":"已根据验证结果创建决策请求"}
{"level":30,"time":"2026-05-10T05:20:28.155Z","scope":"handlers:review","demandId":"demand_mozblwbtdcvpv6l7","subgoalId":"subgoal_mozbqfgew6go503i","executionId":"exec_mef3epm1","decisionId":"decision_mozbqsjf990thg91","msg":"已根据验证结果创建决策请求"}
{"level":30,"time":"2026-05-10T05:20:28.418Z","scope":"handlers:review","demandId":"demand_mozblwbtdcvpv6l7","decisionId":"decision_mozbqntg2m95agel","reasonCode":"BLOCKED","msg":"正在保存决策请求"}
{"level":30,"time":"2026-05-10T05:20:28.423Z","scope":"handlers:review","demandId":"demand_mozblwbtdcvpv6l7","decisionId":"decision_mozbqohxs6vyo9xw","reasonCode":"BLOCKED","msg":"正在保存决策请求"}
{"level":30,"time":"2026-05-10T05:20:28.442Z","scope":"handlers:review","demandId":"demand_mozblwbtdcvpv6l7","decisionId":"decision_mozbqsjf990thg91","reasonCode":"BLOCKED","msg":"正在保存决策请求"}
{"level":30,"time":"2026-05-10T05:22:10.898Z","scope":"handlers:review","demandId":"demand_mozblwbtdcvpv6l7","decisionId":"decision_mozbqntg2m95agel","action":"Approve","hasActiveExecutions":false,"msg":"正在处理决策响应"}
{"level":30,"time":"2026-05-10T05:22:15.000Z","scope":"handlers:review","demandId":"demand_mozblwbtdcvpv6l7","decisionId":"decision_mozbqntg2m95agel","msg":"决策已解决，准备请求重新规划"}
{"level":30,"time":"2026-05-10T05:22:15.003Z","scope":"handlers:review","demandId":"demand_mozblwbtdcvpv6l7","decisionId":"decision_mozbqohxs6vyo9xw","action":"Approve","hasActiveExecutions":false,"msg":"正在处理决策响应"}
{"level":30,"time":"2026-05-10T05:22:15.566Z","scope":"handlers:review","demandId":"demand_mozblwbtdcvpv6l7","decisionId":"decision_mozbqohxs6vyo9xw","msg":"决策已解决，准备请求重新规划"}
{"level":30,"time":"2026-05-10T05:22:15.567Z","scope":"handlers:review","demandId":"demand_mozblwbtdcvpv6l7","decisionId":"decision_mozbqntg2m95agel","action":"Approve","hasActiveExecutions":false,"msg":"正在处理决策响应"}
{"level":30,"time":"2026-05-10T05:22:15.672Z","scope":"handlers:review","demandId":"demand_mozblwbtdcvpv6l7","decisionId":"decision_mozbqntg2m95agel","msg":"决策已解决，准备请求重新规划"}
{"level":30,"time":"2026-05-10T05:22:15.681Z","scope":"handlers:planning","demandId":"demand_mozblwbtdcvpv6l7","planningRound":3,"reason":"replan_after_decision","msg":"正在生成前沿计划"}
{"level":30,"time":"2026-05-10T05:22:15.685Z","scope":"handlers:planning","demandId":"demand_mozblwbtdcvpv6l7","planningRound":3,"reason":"replan_after_decision","msg":"正在生成前沿计划"}
{"level":30,"time":"2026-05-10T05:22:15.687Z","scope":"handlers:planning","demandId":"demand_mozblwbtdcvpv6l7","planningRound":3,"reason":"replan_after_decision","msg":"正在生成前沿计划"}
{"level":30,"time":"2026-05-10T05:22:20.350Z","scope":"handlers:review","demandId":"demand_mozblwbtdcvpv6l7","decisionId":"decision_mozbqsjf990thg91","action":"Approve","hasActiveExecutions":false,"msg":"正在处理决策响应"}
{"level":30,"time":"2026-05-10T05:22:20.351Z","scope":"handlers:review","demandId":"demand_mozblwbtdcvpv6l7","decisionId":"decision_mozbqsjf990thg91","msg":"决策已解决，准备请求重新规划"}
{"level":30,"time":"2026-05-10T05:22:20.357Z","scope":"handlers:planning","demandId":"demand_mozblwbtdcvpv6l7","planningRound":3,"reason":"replan_after_decision","msg":"正在生成前沿计划"}
{"level":30,"time":"2026-05-10T05:22:30.043Z","scope":"handlers:planning","demandId":"demand_mozblwbtdcvpv6l7","planningRound":3,"subgoalCount":2,"msg":"前沿计划已生成"}
{"level":30,"time":"2026-05-10T05:22:30.080Z","scope":"handlers:planning","demandId":"demand_mozblwbtdcvpv6l7","frontierSubgoalCount":2,"msg":"已将生成计划保存到需求"}
{"level":30,"time":"2026-05-10T05:22:30.085Z","scope":"handlers:planning","demandId":"demand_mozblwbtdcvpv6l7","subgoalId":"subgoal_mozbtel7cvawatfz","msg":"子目标已创建"}
{"level":30,"time":"2026-05-10T05:22:30.085Z","scope":"handlers:planning","demandId":"demand_mozblwbtdcvpv6l7","subgoalId":"subgoal_mozbtel7cvawatfz","msg":"子目标已解锁，准备标记为就绪"}
{"level":30,"time":"2026-05-10T05:22:30.090Z","scope":"handlers:planning","demandId":"demand_mozblwbtdcvpv6l7","subgoalId":"subgoal_mozbtel7cvawatfz","msg":"子目标已标记为就绪"}
{"level":30,"time":"2026-05-10T05:22:30.090Z","scope":"handlers:planning","demandId":"demand_mozblwbtdcvpv6l7","subgoalId":"subgoal_mozbtel7cvawatfz","executionId":"exec_50a22t5q","workerId":"worker_opencode_local","msg":"已为就绪子目标创建执行"}
{"level":30,"time":"2026-05-10T05:22:30.094Z","scope":"handlers:execution","demandId":"demand_mozblwbtdcvpv6l7","subgoalId":"subgoal_mozbtel7cvawatfz","executionId":"exec_50a22t5q","workerId":"worker_opencode_local","msg":"正在保存已创建的执行"}
{"level":30,"time":"2026-05-10T05:22:30.101Z","scope":"handlers:execution","demandId":"demand_mozblwbtdcvpv6l7","subgoalId":"subgoal_mozbtel7cvawatfz","executionId":"exec_50a22t5q","workerId":"worker_opencode_local","msg":"正在启动工作器执行"}
{"level":30,"time":"2026-05-10T05:22:30.117Z","scope":"handlers:execution","executionId":"exec_50a22t5q","workerId":"worker_opencode_local","msg":"工作器执行已启动"}
{"level":30,"time":"2026-05-10T05:22:30.122Z","scope":"handlers:planning","demandId":"demand_mozblwbtdcvpv6l7","subgoalId":"subgoal_mozbtel7cstpwaz9","msg":"子目标已创建"}
{"level":30,"time":"2026-05-10T05:22:30.124Z","scope":"handlers:planning","demandId":"demand_mozblwbtdcvpv6l7","subgoalId":"subgoal_mozbtel7cstpwaz9","msg":"子目标已解锁，准备标记为就绪"}
{"level":30,"time":"2026-05-10T05:22:30.130Z","scope":"handlers:planning","demandId":"demand_mozblwbtdcvpv6l7","subgoalId":"subgoal_mozbtel7cstpwaz9","msg":"子目标已标记为就绪"}
{"level":30,"time":"2026-05-10T05:22:30.130Z","scope":"handlers:planning","demandId":"demand_mozblwbtdcvpv6l7","subgoalId":"subgoal_mozbtel7cstpwaz9","executionId":"exec_rvwiz522","workerId":"worker_opencode_local","msg":"已为就绪子目标创建执行"}
{"level":30,"time":"2026-05-10T05:22:30.134Z","scope":"handlers:execution","demandId":"demand_mozblwbtdcvpv6l7","subgoalId":"subgoal_mozbtel7cstpwaz9","executionId":"exec_rvwiz522","workerId":"worker_opencode_local","msg":"正在保存已创建的执行"}
{"level":30,"time":"2026-05-10T05:22:30.142Z","scope":"handlers:execution","demandId":"demand_mozblwbtdcvpv6l7","subgoalId":"subgoal_mozbtel7cstpwaz9","executionId":"exec_rvwiz522","workerId":"worker_opencode_local","msg":"正在启动工作器执行"}
{"level":30,"time":"2026-05-10T05:22:30.157Z","scope":"handlers:execution","executionId":"exec_rvwiz522","workerId":"worker_opencode_local","msg":"工作器执行已启动"}
{"level":30,"time":"2026-05-10T05:22:31.936Z","scope":"handlers:execution","executionId":"exec_50a22t5q","subgoalId":"subgoal_mozbtel7cvawatfz","workerStatus":"FAILED","msg":"收到工作器结果，开始验证"}
{"level":30,"time":"2026-05-10T05:22:31.944Z","scope":"handlers:review","demandId":"demand_mozblwbtdcvpv6l7","subgoalId":"subgoal_mozbtel7cvawatfz","executionId":"exec_50a22t5q","verificationStatus":"FAILED","msg":"正在归并验证结果"}
{"level":30,"time":"2026-05-10T05:22:31.944Z","scope":"handlers:review","demandId":"demand_mozblwbtdcvpv6l7","subgoalId":"subgoal_mozbtel7cvawatfz","reasonCode":"BLOCKED","msg":"验证结果需要用户决策"}
{"level":30,"time":"2026-05-10T05:22:31.948Z","scope":"handlers:review","demandId":"demand_mozblwbtdcvpv6l7","subgoalId":"subgoal_mozbtel7cvawatfz","executionId":"exec_50a22t5q","demandState":"PENDING_DECISION","subgoalState":"FAILED","executionState":"FAILED","replanRequested":false,"missionCompleted":false,"msg":"验证归并结果已保存"}
{"level":30,"time":"2026-05-10T05:22:34.716Z","scope":"handlers:planning","demandId":"demand_mozblwbtdcvpv6l7","planningRound":3,"subgoalCount":3,"msg":"前沿计划已生成"}
{"level":30,"time":"2026-05-10T05:22:40.082Z","scope":"handlers:planning","demandId":"demand_mozblwbtdcvpv6l7","planningRound":3,"subgoalCount":2,"msg":"前沿计划已生成"}
{"level":30,"time":"2026-05-10T05:22:40.394Z","scope":"handlers:review","demandId":"demand_mozblwbtdcvpv6l7","subgoalId":"subgoal_mozbtel7cvawatfz","executionId":"exec_50a22t5q","decisionId":"decision_mozbtmkqjyy2q2w3","msg":"已根据验证结果创建决策请求"}
{"level":30,"time":"2026-05-10T05:22:40.901Z","scope":"handlers:planning","demandId":"demand_mozblwbtdcvpv6l7","planningRound":3,"subgoalCount":2,"msg":"前沿计划已生成"}
{"level":30,"time":"2026-05-10T05:22:43.007Z","scope":"handlers:planning","demandId":"demand_mozblwbtdcvpv6l7","frontierSubgoalCount":3,"msg":"已将生成计划保存到需求"}
{"level":30,"time":"2026-05-10T05:22:43.012Z","scope":"handlers:planning","demandId":"demand_mozblwbtdcvpv6l7","frontierSubgoalCount":2,"msg":"已将生成计划保存到需求"}
{"level":30,"time":"2026-05-10T05:22:43.023Z","scope":"handlers:planning","demandId":"demand_mozblwbtdcvpv6l7","frontierSubgoalCount":2,"msg":"已将生成计划保存到需求"}
{"level":30,"time":"2026-05-10T05:22:43.024Z","scope":"handlers:execution","executionId":"exec_rvwiz522","subgoalId":"subgoal_mozbtel7cstpwaz9","workerStatus":"FAILED","msg":"收到工作器结果，开始验证"}
{"level":30,"time":"2026-05-10T05:22:43.036Z","scope":"handlers:execution","executionId":"exec_rvwiz522","subgoalId":"subgoal_mozbtel7cstpwaz9","workerStatus":"FAILED","msg":"收到工作器结果，开始验证"}
{"level":30,"time":"2026-05-10T05:22:43.036Z","scope":"handlers:execution","executionId":"exec_rvwiz522","subgoalId":"subgoal_mozbtel7cstpwaz9","workerStatus":"FAILED","msg":"收到工作器结果，开始验证"}
{"level":30,"time":"2026-05-10T05:22:43.104Z","scope":"handlers:planning","demandId":"demand_mozblwbtdcvpv6l7","subgoalId":"subgoal_mozbti709x7rwobt","msg":"子目标已创建"}
{"level":30,"time":"2026-05-10T05:22:43.107Z","scope":"handlers:execution","executionId":"exec_rvwiz522","subgoalId":"subgoal_mozbtel7cstpwaz9","workerStatus":"FAILED","msg":"收到工作器结果，开始验证"}
{"level":30,"time":"2026-05-10T05:22:43.107Z","scope":"handlers:execution","executionId":"exec_rvwiz522","subgoalId":"subgoal_mozbtel7cstpwaz9","workerStatus":"FAILED","msg":"收到工作器结果，开始验证"}
{"level":30,"time":"2026-05-10T05:22:43.107Z","scope":"handlers:planning","demandId":"demand_mozblwbtdcvpv6l7","subgoalId":"subgoal_mozbti709x7rwobt","msg":"子目标已解锁，准备标记为就绪"}
{"level":30,"time":"2026-05-10T05:22:43.109Z","scope":"handlers:review","demandId":"demand_mozblwbtdcvpv6l7","decisionId":"decision_mozbtmkqjyy2q2w3","reasonCode":"BLOCKED","msg":"正在保存决策请求"}
{"level":30,"time":"2026-05-10T05:22:43.115Z","scope":"handlers:planning","demandId":"demand_mozblwbtdcvpv6l7","subgoalId":"subgoal_mozbtmc2w2f7i9ps","msg":"子目标已创建"}
{"level":30,"time":"2026-05-10T05:22:43.129Z","scope":"handlers:planning","demandId":"demand_mozblwbtdcvpv6l7","subgoalId":"subgoal_mozbtmyt3e7k1p2n","msg":"子目标已创建"}
{"level":30,"time":"2026-05-10T05:22:43.130Z","scope":"handlers:planning","demandId":"demand_mozblwbtdcvpv6l7","subgoalId":"subgoal_mozbtmc2w2f7i9ps","msg":"子目标已解锁，准备标记为就绪"}
{"level":30,"time":"2026-05-10T05:22:43.134Z","scope":"handlers:planning","demandId":"demand_mozblwbtdcvpv6l7","subgoalId":"subgoal_mozbtmyt3e7k1p2n","msg":"子目标已解锁，准备标记为就绪"}
{"level":30,"time":"2026-05-10T05:22:43.146Z","scope":"handlers:review","demandId":"demand_mozblwbtdcvpv6l7","subgoalId":"subgoal_mozbtel7cstpwaz9","executionId":"exec_rvwiz522","verificationStatus":"FAILED","msg":"正在归并验证结果"}
{"level":30,"time":"2026-05-10T05:22:43.146Z","scope":"handlers:review","demandId":"demand_mozblwbtdcvpv6l7","subgoalId":"subgoal_mozbtel7cstpwaz9","reasonCode":"BLOCKED","msg":"验证结果需要用户决策"}
{"level":30,"time":"2026-05-10T05:22:43.148Z","scope":"handlers:planning","demandId":"demand_mozblwbtdcvpv6l7","subgoalId":"subgoal_mozbti709x7rwobt","msg":"子目标已标记为就绪"}
{"level":30,"time":"2026-05-10T05:22:43.149Z","scope":"handlers:planning","demandId":"demand_mozblwbtdcvpv6l7","subgoalId":"subgoal_mozbti709x7rwobt","executionId":"exec_009mq9mr","workerId":"worker_opencode_local","msg":"已为就绪子目标创建执行"}
{"level":30,"time":"2026-05-10T05:22:43.149Z","scope":"handlers:review","demandId":"demand_mozblwbtdcvpv6l7","subgoalId":"subgoal_mozbtel7cstpwaz9","executionId":"exec_rvwiz522","verificationStatus":"FAILED","msg":"正在归并验证结果"}
{"level":30,"time":"2026-05-10T05:22:43.149Z","scope":"handlers:review","demandId":"demand_mozblwbtdcvpv6l7","subgoalId":"subgoal_mozbtel7cstpwaz9","reasonCode":"BLOCKED","msg":"验证结果需要用户决策"}
{"level":30,"time":"2026-05-10T05:22:43.163Z","scope":"handlers:review","demandId":"demand_mozblwbtdcvpv6l7","subgoalId":"subgoal_mozbtel7cstpwaz9","executionId":"exec_rvwiz522","verificationStatus":"FAILED","msg":"正在归并验证结果"}
{"level":30,"time":"2026-05-10T05:22:43.163Z","scope":"handlers:review","demandId":"demand_mozblwbtdcvpv6l7","subgoalId":"subgoal_mozbtel7cstpwaz9","reasonCode":"BLOCKED","msg":"验证结果需要用户决策"}
{"level":30,"time":"2026-05-10T05:22:43.171Z","scope":"handlers:planning","demandId":"demand_mozblwbtdcvpv6l7","subgoalId":"subgoal_mozbtmc2w2f7i9ps","msg":"子目标已标记为就绪"}
{"level":30,"time":"2026-05-10T05:22:43.171Z","scope":"handlers:planning","demandId":"demand_mozblwbtdcvpv6l7","subgoalId":"subgoal_mozbtmc2w2f7i9ps","executionId":"exec_hf7ca893","workerId":"worker_opencode_local","msg":"已为就绪子目标创建执行"}
{"level":30,"time":"2026-05-10T05:22:43.182Z","scope":"handlers:review","demandId":"demand_mozblwbtdcvpv6l7","subgoalId":"subgoal_mozbtel7cstpwaz9","executionId":"exec_rvwiz522","verificationStatus":"FAILED","msg":"正在归并验证结果"}
{"level":30,"time":"2026-05-10T05:22:43.182Z","scope":"handlers:review","demandId":"demand_mozblwbtdcvpv6l7","subgoalId":"subgoal_mozbtel7cstpwaz9","reasonCode":"BLOCKED","msg":"验证结果需要用户决策"}
{"level":30,"time":"2026-05-10T05:22:43.183Z","scope":"handlers:review","demandId":"demand_mozblwbtdcvpv6l7","subgoalId":"subgoal_mozbtel7cstpwaz9","executionId":"exec_rvwiz522","verificationStatus":"FAILED","msg":"正在归并验证结果"}
{"level":30,"time":"2026-05-10T05:22:43.183Z","scope":"handlers:review","demandId":"demand_mozblwbtdcvpv6l7","subgoalId":"subgoal_mozbtel7cstpwaz9","reasonCode":"BLOCKED","msg":"验证结果需要用户决策"}
{"level":30,"time":"2026-05-10T05:22:43.185Z","scope":"handlers:planning","demandId":"demand_mozblwbtdcvpv6l7","subgoalId":"subgoal_mozbtmyt3e7k1p2n","msg":"子目标已标记为就绪"}
{"level":30,"time":"2026-05-10T05:22:43.185Z","scope":"handlers:planning","demandId":"demand_mozblwbtdcvpv6l7","subgoalId":"subgoal_mozbtmyt3e7k1p2n","executionId":"exec_o3ne6d32","workerId":"worker_opencode_local","msg":"已为就绪子目标创建执行"}
{"level":30,"time":"2026-05-10T05:22:43.189Z","scope":"handlers:execution","demandId":"demand_mozblwbtdcvpv6l7","subgoalId":"subgoal_mozbti709x7rwobt","executionId":"exec_009mq9mr","workerId":"worker_opencode_local","msg":"正在保存已创建的执行"}
{"level":30,"time":"2026-05-10T05:22:43.204Z","scope":"handlers:review","demandId":"demand_mozblwbtdcvpv6l7","subgoalId":"subgoal_mozbtel7cstpwaz9","executionId":"exec_rvwiz522","demandState":"PENDING_DECISION","subgoalState":"FAILED","executionState":"FAILED","replanRequested":false,"missionCompleted":false,"msg":"验证归并结果已保存"}
{"level":30,"time":"2026-05-10T05:22:43.206Z","scope":"handlers:execution","demandId":"demand_mozblwbtdcvpv6l7","subgoalId":"subgoal_mozbtmc2w2f7i9ps","executionId":"exec_hf7ca893","workerId":"worker_opencode_local","msg":"正在保存已创建的执行"}
{"level":30,"time":"2026-05-10T05:22:43.206Z","scope":"handlers:review","demandId":"demand_mozblwbtdcvpv6l7","subgoalId":"subgoal_mozbtel7cstpwaz9","executionId":"exec_rvwiz522","demandState":"PENDING_DECISION","subgoalState":"FAILED","executionState":"FAILED","replanRequested":false,"missionCompleted":false,"msg":"验证归并结果已保存"}
{"level":30,"time":"2026-05-10T05:22:43.217Z","scope":"handlers:review","demandId":"demand_mozblwbtdcvpv6l7","subgoalId":"subgoal_mozbtel7cstpwaz9","executionId":"exec_rvwiz522","demandState":"PENDING_DECISION","subgoalState":"FAILED","executionState":"FAILED","replanRequested":false,"missionCompleted":false,"msg":"验证归并结果已保存"}
{"level":30,"time":"2026-05-10T05:22:43.221Z","scope":"handlers:execution","demandId":"demand_mozblwbtdcvpv6l7","subgoalId":"subgoal_mozbtmyt3e7k1p2n","executionId":"exec_o3ne6d32","workerId":"worker_opencode_local","msg":"正在保存已创建的执行"}
{"level":30,"time":"2026-05-10T05:22:43.229Z","scope":"handlers:review","demandId":"demand_mozblwbtdcvpv6l7","subgoalId":"subgoal_mozbtel7cstpwaz9","executionId":"exec_rvwiz522","demandState":"PENDING_DECISION","subgoalState":"FAILED","executionState":"FAILED","replanRequested":false,"missionCompleted":false,"msg":"验证归并结果已保存"}
{"level":30,"time":"2026-05-10T05:22:43.231Z","scope":"handlers:execution","demandId":"demand_mozblwbtdcvpv6l7","subgoalId":"subgoal_mozbti709x7rwobt","executionId":"exec_009mq9mr","workerId":"worker_opencode_local","msg":"正在启动工作器执行"}
{"level":30,"time":"2026-05-10T05:22:43.249Z","scope":"handlers:review","demandId":"demand_mozblwbtdcvpv6l7","subgoalId":"subgoal_mozbtel7cstpwaz9","executionId":"exec_rvwiz522","demandState":"PENDING_DECISION","subgoalState":"FAILED","executionState":"FAILED","replanRequested":false,"missionCompleted":false,"msg":"验证归并结果已保存"}
{"level":30,"time":"2026-05-10T05:22:43.251Z","scope":"handlers:execution","demandId":"demand_mozblwbtdcvpv6l7","subgoalId":"subgoal_mozbtmc2w2f7i9ps","executionId":"exec_hf7ca893","workerId":"worker_opencode_local","msg":"正在启动工作器执行"}
{"level":30,"time":"2026-05-10T05:22:43.266Z","scope":"handlers:execution","executionId":"exec_009mq9mr","workerId":"worker_opencode_local","msg":"工作器执行已启动"}
{"level":30,"time":"2026-05-10T05:22:43.269Z","scope":"handlers:execution","executionId":"exec_hf7ca893","workerId":"worker_opencode_local","msg":"工作器执行已启动"}
{"level":30,"time":"2026-05-10T05:22:43.283Z","scope":"handlers:planning","demandId":"demand_mozblwbtdcvpv6l7","subgoalId":"subgoal_mozbti70hx4wgya5","msg":"子目标已创建"}
{"level":30,"time":"2026-05-10T05:22:43.284Z","scope":"handlers:execution","demandId":"demand_mozblwbtdcvpv6l7","subgoalId":"subgoal_mozbtmyt3e7k1p2n","executionId":"exec_o3ne6d32","workerId":"worker_opencode_local","msg":"正在启动工作器执行"}
{"level":30,"time":"2026-05-10T05:22:43.297Z","scope":"handlers:planning","demandId":"demand_mozblwbtdcvpv6l7","subgoalId":"subgoal_mozbtmc2g0r15w4b","msg":"子目标已创建"}
{"level":30,"time":"2026-05-10T05:22:43.297Z","scope":"handlers:planning","demandId":"demand_mozblwbtdcvpv6l7","subgoalId":"subgoal_mozbti70hx4wgya5","msg":"子目标已解锁，准备标记为就绪"}
{"level":30,"time":"2026-05-10T05:22:43.297Z","scope":"handlers:planning","demandId":"demand_mozblwbtdcvpv6l7","subgoalId":"subgoal_mozbtmc2g0r15w4b","msg":"子目标已解锁，准备标记为就绪"}
{"level":30,"time":"2026-05-10T05:22:43.303Z","scope":"handlers:execution","executionId":"exec_o3ne6d32","workerId":"worker_opencode_local","msg":"工作器执行已启动"}
{"level":30,"time":"2026-05-10T05:22:43.319Z","scope":"handlers:planning","demandId":"demand_mozblwbtdcvpv6l7","subgoalId":"subgoal_mozbti70hx4wgya5","msg":"子目标已标记为就绪"}
{"level":30,"time":"2026-05-10T05:22:43.319Z","scope":"handlers:planning","demandId":"demand_mozblwbtdcvpv6l7","subgoalId":"subgoal_mozbti70hx4wgya5","executionId":"exec_sjh0hm6i","workerId":"worker_opencode_local","msg":"已为就绪子目标创建执行"}
{"level":30,"time":"2026-05-10T05:22:43.322Z","scope":"handlers:planning","demandId":"demand_mozblwbtdcvpv6l7","subgoalId":"subgoal_mozbtmytdndl8ka6","msg":"子目标已创建"}
{"level":30,"time":"2026-05-10T05:22:43.324Z","scope":"handlers:planning","demandId":"demand_mozblwbtdcvpv6l7","subgoalId":"subgoal_mozbtmc2g0r15w4b","msg":"子目标已标记为就绪"}
{"level":30,"time":"2026-05-10T05:22:43.324Z","scope":"handlers:planning","demandId":"demand_mozblwbtdcvpv6l7","subgoalId":"subgoal_mozbtmc2g0r15w4b","executionId":"exec_9ebdcdf5","workerId":"worker_opencode_local","msg":"已为就绪子目标创建执行"}
{"level":30,"time":"2026-05-10T05:22:43.327Z","scope":"handlers:planning","demandId":"demand_mozblwbtdcvpv6l7","subgoalId":"subgoal_mozbtmytdndl8ka6","msg":"子目标已解锁，准备标记为就绪"}
{"level":30,"time":"2026-05-10T05:22:43.334Z","scope":"handlers:execution","demandId":"demand_mozblwbtdcvpv6l7","subgoalId":"subgoal_mozbti70hx4wgya5","executionId":"exec_sjh0hm6i","workerId":"worker_opencode_local","msg":"正在保存已创建的执行"}
{"level":30,"time":"2026-05-10T05:22:43.344Z","scope":"handlers:execution","demandId":"demand_mozblwbtdcvpv6l7","subgoalId":"subgoal_mozbtmc2g0r15w4b","executionId":"exec_9ebdcdf5","workerId":"worker_opencode_local","msg":"正在保存已创建的执行"}
{"level":30,"time":"2026-05-10T05:22:43.349Z","scope":"handlers:planning","demandId":"demand_mozblwbtdcvpv6l7","subgoalId":"subgoal_mozbtmytdndl8ka6","msg":"子目标已标记为就绪"}
{"level":30,"time":"2026-05-10T05:22:43.349Z","scope":"handlers:planning","demandId":"demand_mozblwbtdcvpv6l7","subgoalId":"subgoal_mozbtmytdndl8ka6","msg":"暂无可用工作器，等待活跃执行结束后再请求决策"}
{"level":30,"time":"2026-05-10T05:22:43.360Z","scope":"handlers:execution","demandId":"demand_mozblwbtdcvpv6l7","subgoalId":"subgoal_mozbti70hx4wgya5","executionId":"exec_sjh0hm6i","workerId":"worker_opencode_local","msg":"正在启动工作器执行"}
{"level":30,"time":"2026-05-10T05:22:43.376Z","scope":"handlers:execution","executionId":"exec_sjh0hm6i","workerId":"worker_opencode_local","msg":"工作器执行已启动"}
{"level":30,"time":"2026-05-10T05:22:43.381Z","scope":"handlers:execution","demandId":"demand_mozblwbtdcvpv6l7","subgoalId":"subgoal_mozbtmc2g0r15w4b","executionId":"exec_9ebdcdf5","workerId":"worker_opencode_local","msg":"正在启动工作器执行"}
{"level":30,"time":"2026-05-10T05:22:43.396Z","scope":"handlers:execution","executionId":"exec_9ebdcdf5","workerId":"worker_opencode_local","msg":"工作器执行已启动"}
{"level":30,"time":"2026-05-10T05:22:43.398Z","scope":"handlers:planning","demandId":"demand_mozblwbtdcvpv6l7","subgoalId":"subgoal_mozbti70z8wlcife","msg":"子目标已创建"}
{"level":30,"time":"2026-05-10T05:22:43.400Z","scope":"handlers:planning","demandId":"demand_mozblwbtdcvpv6l7","subgoalId":"subgoal_mozbti70z8wlcife","msg":"子目标已解锁，准备标记为就绪"}
{"level":30,"time":"2026-05-10T05:22:43.410Z","scope":"handlers:planning","demandId":"demand_mozblwbtdcvpv6l7","subgoalId":"subgoal_mozbti70z8wlcife","msg":"子目标已标记为就绪"}
{"level":30,"time":"2026-05-10T05:22:43.410Z","scope":"handlers:planning","demandId":"demand_mozblwbtdcvpv6l7","subgoalId":"subgoal_mozbti70z8wlcife","msg":"暂无可用工作器，等待活跃执行结束后再请求决策"}
{"level":30,"time":"2026-05-10T05:22:44.925Z","scope":"handlers:execution","executionId":"exec_009mq9mr","subgoalId":"subgoal_mozbti709x7rwobt","workerStatus":"FAILED","msg":"收到工作器结果，开始验证"}
{"level":30,"time":"2026-05-10T05:22:44.937Z","scope":"handlers:review","demandId":"demand_mozblwbtdcvpv6l7","subgoalId":"subgoal_mozbti709x7rwobt","executionId":"exec_009mq9mr","verificationStatus":"FAILED","msg":"正在归并验证结果"}
{"level":30,"time":"2026-05-10T05:22:44.937Z","scope":"handlers:review","demandId":"demand_mozblwbtdcvpv6l7","subgoalId":"subgoal_mozbti709x7rwobt","reasonCode":"BLOCKED","msg":"验证结果需要用户决策"}
{"level":30,"time":"2026-05-10T05:22:45.346Z","scope":"handlers:review","demandId":"demand_mozblwbtdcvpv6l7","subgoalId":"subgoal_mozbti709x7rwobt","executionId":"exec_009mq9mr","demandState":"PENDING_DECISION","subgoalState":"FAILED","executionState":"FAILED","replanRequested":false,"missionCompleted":false,"msg":"验证归并结果已保存"}
{"level":30,"time":"2026-05-10T05:22:45.955Z","scope":"handlers:execution","executionId":"exec_hf7ca893","subgoalId":"subgoal_mozbtmc2w2f7i9ps","workerStatus":"FAILED","msg":"收到工作器结果，开始验证"}
{"level":30,"time":"2026-05-10T05:22:45.968Z","scope":"handlers:review","demandId":"demand_mozblwbtdcvpv6l7","subgoalId":"subgoal_mozbtmc2w2f7i9ps","executionId":"exec_hf7ca893","verificationStatus":"FAILED","msg":"正在归并验证结果"}
{"level":30,"time":"2026-05-10T05:22:45.968Z","scope":"handlers:review","demandId":"demand_mozblwbtdcvpv6l7","subgoalId":"subgoal_mozbtmc2w2f7i9ps","reasonCode":"BLOCKED","msg":"验证结果需要用户决策"}
{"level":30,"time":"2026-05-10T05:22:45.973Z","scope":"handlers:review","demandId":"demand_mozblwbtdcvpv6l7","subgoalId":"subgoal_mozbtmc2w2f7i9ps","executionId":"exec_hf7ca893","demandState":"PENDING_DECISION","subgoalState":"FAILED","executionState":"FAILED","replanRequested":false,"missionCompleted":false,"msg":"验证归并结果已保存"}
{"level":30,"time":"2026-05-10T05:22:47.948Z","scope":"handlers:execution","executionId":"exec_o3ne6d32","subgoalId":"subgoal_mozbtmyt3e7k1p2n","workerStatus":"FAILED","msg":"收到工作器结果，开始验证"}
{"level":30,"time":"2026-05-10T05:22:47.962Z","scope":"handlers:review","demandId":"demand_mozblwbtdcvpv6l7","subgoalId":"subgoal_mozbtmyt3e7k1p2n","executionId":"exec_o3ne6d32","verificationStatus":"FAILED","msg":"正在归并验证结果"}
{"level":30,"time":"2026-05-10T05:22:47.962Z","scope":"handlers:review","demandId":"demand_mozblwbtdcvpv6l7","subgoalId":"subgoal_mozbtmyt3e7k1p2n","reasonCode":"BLOCKED","msg":"验证结果需要用户决策"}
{"level":30,"time":"2026-05-10T05:22:47.968Z","scope":"handlers:review","demandId":"demand_mozblwbtdcvpv6l7","subgoalId":"subgoal_mozbtmyt3e7k1p2n","executionId":"exec_o3ne6d32","demandState":"PENDING_DECISION","subgoalState":"FAILED","executionState":"FAILED","replanRequested":false,"missionCompleted":false,"msg":"验证归并结果已保存"}
{"level":30,"time":"2026-05-10T05:22:51.155Z","scope":"handlers:review","demandId":"demand_mozblwbtdcvpv6l7","subgoalId":"subgoal_mozbtel7cstpwaz9","executionId":"exec_rvwiz522","decisionId":"decision_mozbtuvnduqvxwq0","msg":"已根据验证结果创建决策请求"}
{"level":30,"time":"2026-05-10T05:22:51.237Z","scope":"handlers:execution","executionId":"exec_sjh0hm6i","subgoalId":"subgoal_mozbti70hx4wgya5","workerStatus":"FAILED","msg":"收到工作器结果，开始验证"}
{"level":30,"time":"2026-05-10T05:22:51.354Z","scope":"handlers:review","demandId":"demand_mozblwbtdcvpv6l7","decisionId":"decision_mozbtuvnduqvxwq0","reasonCode":"BLOCKED","msg":"正在保存决策请求"}
{"level":30,"time":"2026-05-10T05:22:51.365Z","scope":"handlers:review","demandId":"demand_mozblwbtdcvpv6l7","subgoalId":"subgoal_mozbti70hx4wgya5","executionId":"exec_sjh0hm6i","verificationStatus":"FAILED","msg":"正在归并验证结果"}
{"level":30,"time":"2026-05-10T05:22:51.365Z","scope":"handlers:review","demandId":"demand_mozblwbtdcvpv6l7","subgoalId":"subgoal_mozbti70hx4wgya5","reasonCode":"BLOCKED","msg":"验证结果需要用户决策"}
{"level":30,"time":"2026-05-10T05:22:51.372Z","scope":"handlers:review","demandId":"demand_mozblwbtdcvpv6l7","subgoalId":"subgoal_mozbti70hx4wgya5","executionId":"exec_sjh0hm6i","demandState":"PENDING_DECISION","subgoalState":"FAILED","executionState":"FAILED","replanRequested":false,"missionCompleted":false,"msg":"验证归并结果已保存"}
{"level":30,"time":"2026-05-10T05:22:51.950Z","scope":"handlers:execution","executionId":"exec_9ebdcdf5","subgoalId":"subgoal_mozbtmc2g0r15w4b","workerStatus":"FAILED","msg":"收到工作器结果，开始验证"}
{"level":30,"time":"2026-05-10T05:22:51.963Z","scope":"handlers:review","demandId":"demand_mozblwbtdcvpv6l7","subgoalId":"subgoal_mozbtmc2g0r15w4b","executionId":"exec_9ebdcdf5","verificationStatus":"FAILED","msg":"正在归并验证结果"}
{"level":30,"time":"2026-05-10T05:22:51.964Z","scope":"handlers:review","demandId":"demand_mozblwbtdcvpv6l7","subgoalId":"subgoal_mozbtmc2g0r15w4b","reasonCode":"BLOCKED","msg":"验证结果需要用户决策"}
{"level":30,"time":"2026-05-10T05:22:51.969Z","scope":"handlers:review","demandId":"demand_mozblwbtdcvpv6l7","subgoalId":"subgoal_mozbtmc2g0r15w4b","executionId":"exec_9ebdcdf5","demandState":"PENDING_DECISION","subgoalState":"FAILED","executionState":"FAILED","replanRequested":false,"missionCompleted":false,"msg":"验证归并结果已保存"}
{"level":30,"time":"2026-05-10T05:22:52.097Z","scope":"handlers:review","demandId":"demand_mozblwbtdcvpv6l7","subgoalId":"subgoal_mozbtmc2g0r15w4b","executionId":"exec_9ebdcdf5","decisionId":"decision_mozbtvltdjgbhbo4","msg":"已根据验证结果创建决策请求"}
{"level":30,"time":"2026-05-10T05:22:52.120Z","scope":"handlers:review","demandId":"demand_mozblwbtdcvpv6l7","decisionId":"decision_mozbtvltdjgbhbo4","reasonCode":"BLOCKED","msg":"正在保存决策请求"}
{"level":30,"time":"2026-05-10T05:22:52.696Z","scope":"handlers:review","demandId":"demand_mozblwbtdcvpv6l7","subgoalId":"subgoal_mozbtel7cstpwaz9","executionId":"exec_rvwiz522","decisionId":"decision_mozbtw2gb4onuca8","msg":"已根据验证结果创建决策请求"}
{"level":30,"time":"2026-05-10T05:22:52.715Z","scope":"handlers:review","demandId":"demand_mozblwbtdcvpv6l7","decisionId":"decision_mozbtw2gb4onuca8","reasonCode":"BLOCKED","msg":"正在保存决策请求"}
{"level":30,"time":"2026-05-10T05:22:53.622Z","scope":"handlers:review","demandId":"demand_mozblwbtdcvpv6l7","subgoalId":"subgoal_mozbtel7cstpwaz9","executionId":"exec_rvwiz522","decisionId":"decision_mozbtws6swgfxy2d","msg":"已根据验证结果创建决策请求"}
{"level":30,"time":"2026-05-10T05:22:53.642Z","scope":"handlers:review","demandId":"demand_mozblwbtdcvpv6l7","decisionId":"decision_mozbtws6swgfxy2d","reasonCode":"BLOCKED","msg":"正在保存决策请求"}
{"level":30,"time":"2026-05-10T05:22:55.367Z","scope":"handlers:review","demandId":"demand_mozblwbtdcvpv6l7","subgoalId":"subgoal_mozbti709x7rwobt","executionId":"exec_009mq9mr","decisionId":"decision_mozbty4nn7xp6fe5","msg":"已根据验证结果创建决策请求"}
{"level":30,"time":"2026-05-10T05:22:55.393Z","scope":"handlers:review","demandId":"demand_mozblwbtdcvpv6l7","decisionId":"decision_mozbty4nn7xp6fe5","reasonCode":"BLOCKED","msg":"正在保存决策请求"}
{"level":30,"time":"2026-05-10T05:22:56.951Z","scope":"handlers:review","demandId":"demand_mozblwbtdcvpv6l7","subgoalId":"subgoal_mozbtel7cstpwaz9","executionId":"exec_rvwiz522","decisionId":"decision_mozbtzcmjpa5dddh","msg":"已根据验证结果创建决策请求"}
{"level":30,"time":"2026-05-10T05:22:57.924Z","scope":"handlers:review","demandId":"demand_mozblwbtdcvpv6l7","subgoalId":"subgoal_mozbtmc2w2f7i9ps","executionId":"exec_hf7ca893","decisionId":"decision_mozbu03orympc0qi","msg":"已根据验证结果创建决策请求"}
{"level":30,"time":"2026-05-10T05:22:58.098Z","scope":"handlers:review","demandId":"demand_mozblwbtdcvpv6l7","subgoalId":"subgoal_mozbtel7cstpwaz9","executionId":"exec_rvwiz522","decisionId":"decision_mozbu08i0x3fzjjm","msg":"已根据验证结果创建决策请求"}
{"level":30,"time":"2026-05-10T05:22:58.164Z","scope":"handlers:review","demandId":"demand_mozblwbtdcvpv6l7","decisionId":"decision_mozbtzcmjpa5dddh","reasonCode":"BLOCKED","msg":"正在保存决策请求"}
{"level":30,"time":"2026-05-10T05:23:00.404Z","scope":"handlers:review","demandId":"demand_mozblwbtdcvpv6l7","subgoalId":"subgoal_mozbtmyt3e7k1p2n","executionId":"exec_o3ne6d32","decisionId":"decision_mozbu20kwkis64q3","msg":"已根据验证结果创建决策请求"}
{"level":30,"time":"2026-05-10T05:23:04.277Z","scope":"handlers:review","demandId":"demand_mozblwbtdcvpv6l7","subgoalId":"subgoal_mozbti70hx4wgya5","executionId":"exec_sjh0hm6i","decisionId":"decision_mozbu505bjj5cbin","msg":"已根据验证结果创建决策请求"}
{"level":30,"time":"2026-05-10T05:23:05.973Z","scope":"handlers:review","demandId":"demand_mozblwbtdcvpv6l7","decisionId":"decision_mozbu08i0x3fzjjm","reasonCode":"BLOCKED","msg":"正在保存决策请求"}
{"level":30,"time":"2026-05-10T05:23:05.986Z","scope":"handlers:review","demandId":"demand_mozblwbtdcvpv6l7","decisionId":"decision_mozbu03orympc0qi","reasonCode":"BLOCKED","msg":"正在保存决策请求"}
{"level":30,"time":"2026-05-10T05:23:06.002Z","scope":"handlers:review","demandId":"demand_mozblwbtdcvpv6l7","decisionId":"decision_mozbu20kwkis64q3","reasonCode":"BLOCKED","msg":"正在保存决策请求"}
{"level":30,"time":"2026-05-10T05:23:06.010Z","scope":"handlers:review","demandId":"demand_mozblwbtdcvpv6l7","decisionId":"decision_mozbu505bjj5cbin","reasonCode":"BLOCKED","msg":"正在保存决策请求"}
{"level":30,"time":"2026-05-10T05:27:36.539Z","scope":"handlers:review","demandId":"demand_mozblwbtdcvpv6l7","decisionId":"decision_mozbtvltdjgbhbo4","action":"Approve","hasActiveExecutions":false,"msg":"正在处理决策响应"}
{"level":30,"time":"2026-05-10T05:27:42.402Z","scope":"handlers:review","demandId":"demand_mozblwbtdcvpv6l7","decisionId":"decision_mozbtvltdjgbhbo4","msg":"决策已解决，准备请求重新规划"}
{"level":30,"time":"2026-05-10T05:27:42.414Z","scope":"handlers:planning","demandId":"demand_mozblwbtdcvpv6l7","planningRound":12,"reason":"replan_after_decision","msg":"正在生成前沿计划"}
{"level":30,"time":"2026-05-10T05:28:01.314Z","scope":"handlers:planning","demandId":"demand_mozblwbtdcvpv6l7","planningRound":12,"subgoalCount":2,"msg":"前沿计划已生成"}
{"level":30,"time":"2026-05-10T05:28:01.333Z","scope":"handlers:planning","demandId":"demand_mozblwbtdcvpv6l7","frontierSubgoalCount":2,"msg":"已将生成计划保存到需求"}
{"level":30,"time":"2026-05-10T05:28:01.345Z","scope":"handlers:planning","demandId":"demand_mozblwbtdcvpv6l7","subgoalId":"subgoal_mozc0i7635am07t8","msg":"子目标已创建"}
{"level":30,"time":"2026-05-10T05:28:01.345Z","scope":"handlers:planning","demandId":"demand_mozblwbtdcvpv6l7","subgoalId":"subgoal_mozc0i7635am07t8","msg":"子目标已解锁，准备标记为就绪"}
{"level":30,"time":"2026-05-10T05:28:01.362Z","scope":"handlers:planning","demandId":"demand_mozblwbtdcvpv6l7","subgoalId":"subgoal_mozc0i7635am07t8","msg":"子目标已标记为就绪"}
{"level":30,"time":"2026-05-10T05:28:01.362Z","scope":"handlers:planning","demandId":"demand_mozblwbtdcvpv6l7","subgoalId":"subgoal_mozc0i7635am07t8","executionId":"exec_b57eeyq9","workerId":"worker_opencode_local","msg":"已为就绪子目标创建执行"}
{"level":30,"time":"2026-05-10T05:28:01.376Z","scope":"handlers:execution","demandId":"demand_mozblwbtdcvpv6l7","subgoalId":"subgoal_mozc0i7635am07t8","executionId":"exec_b57eeyq9","workerId":"worker_opencode_local","msg":"正在保存已创建的执行"}
{"level":30,"time":"2026-05-10T05:28:01.391Z","scope":"handlers:execution","demandId":"demand_mozblwbtdcvpv6l7","subgoalId":"subgoal_mozc0i7635am07t8","executionId":"exec_b57eeyq9","workerId":"worker_opencode_local","msg":"正在启动工作器执行"}
{"level":30,"time":"2026-05-10T05:28:01.412Z","scope":"handlers:execution","executionId":"exec_b57eeyq9","workerId":"worker_opencode_local","msg":"工作器执行已启动"}
{"level":30,"time":"2026-05-10T05:28:01.423Z","scope":"handlers:planning","demandId":"demand_mozblwbtdcvpv6l7","subgoalId":"subgoal_mozc0i7651z7hpeh","msg":"子目标已创建"}
{"level":30,"time":"2026-05-10T05:28:01.424Z","scope":"handlers:planning","demandId":"demand_mozblwbtdcvpv6l7","subgoalId":"subgoal_mozc0i7651z7hpeh","msg":"子目标已解锁，准备标记为就绪"}
{"level":30,"time":"2026-05-10T05:28:01.436Z","scope":"handlers:planning","demandId":"demand_mozblwbtdcvpv6l7","subgoalId":"subgoal_mozc0i7651z7hpeh","msg":"子目标已标记为就绪"}
{"level":30,"time":"2026-05-10T05:28:01.436Z","scope":"handlers:planning","demandId":"demand_mozblwbtdcvpv6l7","subgoalId":"subgoal_mozc0i7651z7hpeh","executionId":"exec_2c80zq6d","workerId":"worker_opencode_local","msg":"已为就绪子目标创建执行"}
{"level":30,"time":"2026-05-10T05:28:01.446Z","scope":"handlers:execution","demandId":"demand_mozblwbtdcvpv6l7","subgoalId":"subgoal_mozc0i7651z7hpeh","executionId":"exec_2c80zq6d","workerId":"worker_opencode_local","msg":"正在保存已创建的执行"}
{"level":30,"time":"2026-05-10T05:28:01.460Z","scope":"handlers:execution","demandId":"demand_mozblwbtdcvpv6l7","subgoalId":"subgoal_mozc0i7651z7hpeh","executionId":"exec_2c80zq6d","workerId":"worker_opencode_local","msg":"正在启动工作器执行"}
{"level":30,"time":"2026-05-10T05:28:01.473Z","scope":"handlers:execution","executionId":"exec_2c80zq6d","workerId":"worker_opencode_local","msg":"工作器执行已启动"}
{"level":30,"time":"2026-05-10T05:28:02.214Z","scope":"handlers:execution","executionId":"exec_b57eeyq9","subgoalId":"subgoal_mozc0i7635am07t8","workerStatus":"FAILED","msg":"收到工作器结果，开始验证"}
{"level":30,"time":"2026-05-10T05:28:02.232Z","scope":"handlers:review","demandId":"demand_mozblwbtdcvpv6l7","subgoalId":"subgoal_mozc0i7635am07t8","executionId":"exec_b57eeyq9","verificationStatus":"FAILED","msg":"正在归并验证结果"}
{"level":30,"time":"2026-05-10T05:28:02.232Z","scope":"handlers:review","demandId":"demand_mozblwbtdcvpv6l7","subgoalId":"subgoal_mozc0i7635am07t8","reasonCode":"BLOCKED","msg":"验证结果需要用户决策"}
{"level":30,"time":"2026-05-10T05:28:02.237Z","scope":"handlers:review","demandId":"demand_mozblwbtdcvpv6l7","subgoalId":"subgoal_mozc0i7635am07t8","executionId":"exec_b57eeyq9","demandState":"PENDING_DECISION","subgoalState":"FAILED","executionState":"FAILED","replanRequested":false,"missionCompleted":false,"msg":"验证归并结果已保存"}
{"level":30,"time":"2026-05-10T05:28:11.291Z","scope":"handlers:execution","executionId":"exec_2c80zq6d","subgoalId":"subgoal_mozc0i7651z7hpeh","workerStatus":"FAILED","msg":"收到工作器结果，开始验证"}
{"level":30,"time":"2026-05-10T05:28:11.383Z","scope":"handlers:execution","executionId":"exec_2c80zq6d","subgoalId":"subgoal_mozc0i7651z7hpeh","workerStatus":"FAILED","msg":"收到工作器结果，开始验证"}
{"level":30,"time":"2026-05-10T05:28:11.391Z","scope":"handlers:review","demandId":"demand_mozblwbtdcvpv6l7","subgoalId":"subgoal_mozc0i7651z7hpeh","executionId":"exec_2c80zq6d","verificationStatus":"FAILED","msg":"正在归并验证结果"}
{"level":30,"time":"2026-05-10T05:28:11.391Z","scope":"handlers:review","demandId":"demand_mozblwbtdcvpv6l7","subgoalId":"subgoal_mozc0i7651z7hpeh","reasonCode":"BLOCKED","msg":"验证结果需要用户决策"}
{"level":30,"time":"2026-05-10T05:28:11.409Z","scope":"handlers:execution","executionId":"exec_2c80zq6d","subgoalId":"subgoal_mozc0i7651z7hpeh","workerStatus":"FAILED","msg":"收到工作器结果，开始验证"}
{"level":30,"time":"2026-05-10T05:28:11.409Z","scope":"handlers:execution","executionId":"exec_2c80zq6d","subgoalId":"subgoal_mozc0i7651z7hpeh","workerStatus":"FAILED","msg":"收到工作器结果，开始验证"}
{"level":30,"time":"2026-05-10T05:28:11.469Z","scope":"handlers:review","demandId":"demand_mozblwbtdcvpv6l7","subgoalId":"subgoal_mozc0i7651z7hpeh","executionId":"exec_2c80zq6d","verificationStatus":"FAILED","msg":"正在归并验证结果"}
{"level":30,"time":"2026-05-10T05:28:11.469Z","scope":"handlers:review","demandId":"demand_mozblwbtdcvpv6l7","subgoalId":"subgoal_mozc0i7651z7hpeh","reasonCode":"BLOCKED","msg":"验证结果需要用户决策"}
{"level":30,"time":"2026-05-10T05:28:11.471Z","scope":"handlers:review","demandId":"demand_mozblwbtdcvpv6l7","subgoalId":"subgoal_mozc0i7651z7hpeh","executionId":"exec_2c80zq6d","verificationStatus":"FAILED","msg":"正在归并验证结果"}
{"level":30,"time":"2026-05-10T05:28:11.471Z","scope":"handlers:review","demandId":"demand_mozblwbtdcvpv6l7","subgoalId":"subgoal_mozc0i7651z7hpeh","reasonCode":"BLOCKED","msg":"验证结果需要用户决策"}
{"level":30,"time":"2026-05-10T05:28:11.471Z","scope":"handlers:review","demandId":"demand_mozblwbtdcvpv6l7","subgoalId":"subgoal_mozc0i7651z7hpeh","executionId":"exec_2c80zq6d","demandState":"PENDING_DECISION","subgoalState":"FAILED","executionState":"FAILED","replanRequested":false,"missionCompleted":false,"msg":"验证归并结果已保存"}
{"level":30,"time":"2026-05-10T05:28:11.477Z","scope":"handlers:review","demandId":"demand_mozblwbtdcvpv6l7","subgoalId":"subgoal_mozc0i7651z7hpeh","executionId":"exec_2c80zq6d","verificationStatus":"FAILED","msg":"正在归并验证结果"}
{"level":30,"time":"2026-05-10T05:28:11.477Z","scope":"handlers:review","demandId":"demand_mozblwbtdcvpv6l7","subgoalId":"subgoal_mozc0i7651z7hpeh","reasonCode":"BLOCKED","msg":"验证结果需要用户决策"}
{"level":30,"time":"2026-05-10T05:28:11.491Z","scope":"handlers:review","demandId":"demand_mozblwbtdcvpv6l7","subgoalId":"subgoal_mozc0i7651z7hpeh","executionId":"exec_2c80zq6d","demandState":"PENDING_DECISION","subgoalState":"FAILED","executionState":"FAILED","replanRequested":false,"missionCompleted":false,"msg":"验证归并结果已保存"}
{"level":30,"time":"2026-05-10T05:28:11.496Z","scope":"handlers:review","demandId":"demand_mozblwbtdcvpv6l7","subgoalId":"subgoal_mozc0i7651z7hpeh","executionId":"exec_2c80zq6d","demandState":"PENDING_DECISION","subgoalState":"FAILED","executionState":"FAILED","replanRequested":false,"missionCompleted":false,"msg":"验证归并结果已保存"}
{"level":30,"time":"2026-05-10T05:28:11.498Z","scope":"handlers:review","demandId":"demand_mozblwbtdcvpv6l7","subgoalId":"subgoal_mozc0i7651z7hpeh","executionId":"exec_2c80zq6d","demandState":"PENDING_DECISION","subgoalState":"FAILED","executionState":"FAILED","replanRequested":false,"missionCompleted":false,"msg":"验证归并结果已保存"}
{"level":30,"time":"2026-05-10T05:28:14.372Z","scope":"handlers:review","demandId":"demand_mozblwbtdcvpv6l7","subgoalId":"subgoal_mozc0i7635am07t8","executionId":"exec_b57eeyq9","decisionId":"decision_mozc0s9wfz4tw1qp","msg":"已根据验证结果创建决策请求"}
{"level":30,"time":"2026-05-10T05:28:14.398Z","scope":"handlers:review","demandId":"demand_mozblwbtdcvpv6l7","decisionId":"decision_mozc0s9wfz4tw1qp","reasonCode":"BLOCKED","msg":"正在保存决策请求"}
{"level":30,"time":"2026-05-10T05:28:21.586Z","scope":"handlers:review","demandId":"demand_mozblwbtdcvpv6l7","subgoalId":"subgoal_mozc0i7651z7hpeh","executionId":"exec_2c80zq6d","decisionId":"decision_mozc0xuaermq8u72","msg":"已根据验证结果创建决策请求"}
{"level":30,"time":"2026-05-10T05:28:21.693Z","scope":"handlers:review","demandId":"demand_mozblwbtdcvpv6l7","subgoalId":"subgoal_mozc0i7651z7hpeh","executionId":"exec_2c80zq6d","decisionId":"decision_mozc0xx94bf3qzj7","msg":"已根据验证结果创建决策请求"}
{"level":30,"time":"2026-05-10T05:28:23.228Z","scope":"handlers:review","demandId":"demand_mozblwbtdcvpv6l7","subgoalId":"subgoal_mozc0i7651z7hpeh","executionId":"exec_2c80zq6d","decisionId":"decision_mozc0z3w40js1143","msg":"已根据验证结果创建决策请求"}
{"level":30,"time":"2026-05-10T05:28:23.662Z","scope":"handlers:review","demandId":"demand_mozblwbtdcvpv6l7","decisionId":"decision_mozc0xuaermq8u72","reasonCode":"BLOCKED","msg":"正在保存决策请求"}
{"level":30,"time":"2026-05-10T05:28:23.785Z","scope":"handlers:review","demandId":"demand_mozblwbtdcvpv6l7","decisionId":"decision_mozc0xx94bf3qzj7","reasonCode":"BLOCKED","msg":"正在保存决策请求"}
{"level":30,"time":"2026-05-10T05:28:23.836Z","scope":"handlers:review","demandId":"demand_mozblwbtdcvpv6l7","decisionId":"decision_mozc0z3w40js1143","reasonCode":"BLOCKED","msg":"正在保存决策请求"}
{"level":30,"time":"2026-05-10T05:28:26.517Z","scope":"handlers:review","demandId":"demand_mozblwbtdcvpv6l7","subgoalId":"subgoal_mozc0i7651z7hpeh","executionId":"exec_2c80zq6d","decisionId":"decision_mozc11n9icl6kthx","msg":"已根据验证结果创建决策请求"}
{"level":30,"time":"2026-05-10T05:28:26.545Z","scope":"handlers:review","demandId":"demand_mozblwbtdcvpv6l7","decisionId":"decision_mozc11n9icl6kthx","reasonCode":"BLOCKED","msg":"正在保存决策请求"}
